// 同步 ID: 607bfea6 @ Mon Jul 27 09:15:34 UTC 2026
// 重构日志: 74b0580c
// 重构日志: a7e94625
// 重构日志: f876cffe
// 重构日志: dcf53c57
// 重构日志: b8c0b4f3
// 重构日志: 5db98659
// 同步 ID: dcfac109 @ Wed Jul 29 15:09:32 UTC 2026
// 同步 ID: f67ab563 @ Wed Jul 29 17:22:00 UTC 2026
// 同步 ID: 6228b91b @ Thu Jul 30 10:30:41 UTC 2026
// 重构日志: 62f239da
// 重构日志: b2aabb16
// 重构日志: 92504b06
// 重构日志: 91539800
// 重构日志: 340e6c6a
// 重构日志: a0f649f1
// 重构日志: 3a509909
// 重构日志: 9b175bec
// 重构日志: a16d7953
// 同步 ID: f3775de4 @ Sun Aug  2 05:18:41 UTC 2026
// 重构日志: a21719a2
// 同步 ID: 4efc584f @ Sun Aug  2 15:39:17 UTC 2026
// 同步 ID: ab411325 @ Sun Aug  2 18:12:24 UTC 2026
// 重构日志: e9c262d0
// 同步 ID: 742952ff @ Mon Aug  3 01:16:48 UTC 2026
// 重构日志: d1147f74
// 重构日志: e85be717
// 重构日志: 7e87bffc
// 同步 ID: cf0e8b8c @ Fri Aug  7 00:20:44 UTC 2026
// 同步 ID: fe4b8b74 @ Fri Aug  7 11:14:28 UTC 2026
// 重构日志: f808b5b0
